// Jest Snapshot v1, https://goo.gl/fbAQLP

exports[`NoSearch Should render 1`] = `
<div>
  <div
    class="css-1dszs7t"
  >
    <span
      class="css-gjmu0c"
    >
      ðŸ‘€
    </span>
    <h1
      class="css-17s2ops"
    >
      Test message
    </h1>
  </div>
</div>
`;
